// Jest Snapshot v1, https://goo.gl/fbAQLP

exports[`Statactivty is rendered 1`] = `
<div>
  <div
    className="row"
  >
    <div
      className="col-md-12"
    >
      <div>
        <button
          className="btn btn-link"
          onClick={[Function]}
        >
          Refresh
        </button>
      </div>
    </div>
  </div>
  <div
    className="row"
  >
    <div
      className="col-md-12"
    >
      <div
        className="loader"
      />
    </div>
  </div>
</div>
`;
